Vivado Simulator v2026.1
Copyright 1986-2022 Xilinx, Inc. All Rights Reserved.
Copyright 2022-2026 Advanced Micro Devices, Inc. All Rights Reserved.
Running: C:/AMDDesignTools/2026.1/Vivado/bin/unwrapped/win64.o/xelab.exe --incr --debug typical --relax --mt 2 -L xil_defaultlib -L uvm -L unisims_ver -L unimacro_ver -L secureip --snapshot tb_park_inverse_behav xil_defaultlib.tb_park_inverse xil_defaultlib.glbl -log elaborate.log 
INFO: [XSIM 43-3493] Using 2 slave threads.
Starting static elaboration
Pass Through NonSizing Optimizer
Completed static elaboration
Starting simulation data flow analysis
Completed simulation data flow analysis
Time Resolution for simulation is 1ps
Compiling package std.standard
Compiling package std.textio
Compiling package ieee.std_logic_1164
Compiling package ieee.numeric_std
Compiling package xil_defaultlib.tb_foc_pkg
Compiling architecture rtl of entity xil_defaultlib.park_inverse [park_inverse_default]
Compiling module xil_defaultlib.tb_park_inverse
Compiling module xil_defaultlib.glbl
Built simulation snapshot tb_park_inverse_behav
